\BOOKMARK [1][-]{section.1}{\376\377\000I\000\040\000I\000n\000t\000r\000o\000d\000u\000c\000t\000i\000o\000n}{}% 1
\BOOKMARK [1][-]{section.2}{\376\377\000I\000I\000\040\000R\000e\000l\000a\000t\000e\000d\000\040\000W\000o\000r\000k}{}% 2
\BOOKMARK [2][-]{subsection.2.1}{\376\377\0002\000.\0001\000\040\000E\000v\000o\000l\000u\000t\000i\000o\000n\000\040\000o\000f\000\040\000N\000e\000t\000w\000o\000r\000k\000\040\000A\000r\000c\000h\000i\000t\000e\000c\000t\000u\000r\000e}{section.2}% 3
\BOOKMARK [2][-]{subsection.2.2}{\376\377\0002\000.\0002\000\040\000R\000e\000l\000a\000t\000e\000d\000\040\000R\000e\000s\000e\000a\000r\000c\000h\000\040\000o\000n\000\040\000t\000h\000e\000\040\000I\000o\000C}{section.2}% 4
\BOOKMARK [1][-]{section.3}{\376\377\000I\000I\000I\000\040\000F\000u\000n\000d\000a\000m\000e\000n\000t\000a\000l\000\040\000T\000h\000e\000o\000r\000i\000e\000s\000\040\000o\000f\000\040\000t\000h\000e\000\040\000I\000o\000C}{}% 5
\BOOKMARK [2][-]{subsection.3.1}{\376\377\0003\000.\0001\000\040\000D\000e\000f\000i\000n\000i\000t\000i\000o\000n\000\040\000o\000f\000\040\000t\000h\000e\000\040\000I\000o\000C}{section.3}% 6
\BOOKMARK [2][-]{subsection.3.2}{\376\377\0003\000.\0002\000\040\000D\000e\000m\000a\000n\000d\000\040\000C\000h\000a\000r\000a\000c\000t\000e\000r\000i\000s\000t\000i\000c\000s\000\040\000o\000f\000\040\000T\000a\000s\000k\000-\000B\000a\000s\000e\000d\000\040\000A\000p\000p\000l\000i\000c\000a\000t\000i\000o\000n\000s}{section.3}% 7
\BOOKMARK [2][-]{subsection.3.3}{\376\377\0003\000.\0003\000\040\000C\000o\000m\000p\000u\000t\000i\000n\000g\000\040\000T\000a\000s\000k\000\040\000M\000o\000d\000e\000l}{section.3}% 8
\BOOKMARK [2][-]{subsection.3.4}{\376\377\0003\000.\0004\000\040\000R\000e\000s\000o\000u\000r\000c\000e\000\040\000S\000t\000a\000t\000e\000\040\000E\000n\000t\000r\000o\000p\000y\000:\000\040\000Q\000u\000a\000n\000t\000i\000f\000i\000c\000a\000t\000i\000o\000n\000\040\000o\000f\000\040\000D\000y\000n\000a\000m\000i\000c\000s\000\040\000a\000n\000d\000\040\000E\000q\000u\000i\000l\000i\000b\000r\000i\000u\000m}{section.3}% 9
\BOOKMARK [3][-]{subsubsection.3.4.1}{\376\377\0003\000.\0004\000.\0001\000\040\000S\000t\000a\000t\000e\000\040\000T\000y\000p\000e\000s\000\040\000a\000n\000d\000\040\000S\000t\000a\000t\000e\000\040\000E\000n\000t\000r\000o\000p\000y}{subsection.3.4}% 10
\BOOKMARK [3][-]{subsubsection.3.4.2}{\376\377\0003\000.\0004\000.\0002\000\040\000G\000l\000o\000b\000a\000l\000\040\000E\000n\000t\000r\000o\000p\000y\000\040\000o\000f\000\040\000S\000t\000a\000t\000e\000s\000\040\000a\000n\000d\000\040\000B\000a\000l\000a\000n\000c\000e\000d\000\040\000E\000n\000t\000r\000o\000p\000y}{subsection.3.4}% 11
\BOOKMARK [2][-]{subsection.3.5}{\376\377\0003\000.\0005\000\040\000E\000n\000t\000r\000o\000p\000y\000\040\000B\000a\000l\000a\000n\000c\000e\000\040\000f\000o\000r\000\040\000R\000e\000s\000o\000u\000r\000c\000e\000\040\000M\000a\000t\000c\000h\000i\000n\000g\000\040\000a\000n\000d\000\040\000T\000a\000s\000k\000\040\000S\000c\000h\000e\000d\000u\000l\000i\000n\000g}{section.3}% 12
\BOOKMARK [2][-]{subsection.3.6}{\376\377\0003\000.\0006\000\040\000N\000e\000t\000w\000o\000r\000k\000\040\000C\000a\000p\000a\000c\000i\000t\000y\000\040\000M\000o\000d\000e\000l}{section.3}% 13
\BOOKMARK [1][-]{section.4}{\376\377\000I\000V\000\040\000A\000r\000c\000h\000i\000t\000e\000c\000t\000u\000r\000e\000\040\000o\000f\000\040\000t\000h\000e\000\040\000I\000o\000C}{}% 14
\BOOKMARK [2][-]{subsection.4.1}{\376\377\0004\000.\0001\000\040\000S\000y\000s\000t\000e\000m\000\040\000A\000r\000c\000h\000i\000t\000e\000c\000t\000u\000r\000e}{section.4}% 15
\BOOKMARK [3][-]{subsubsection.4.1.1}{\376\377\0004\000.\0001\000.\0001\000\040\000N\000e\000t\000w\000o\000r\000k\000i\000n\000g\000\040\000A\000r\000c\000h\000i\000t\000e\000c\000t\000u\000r\000e}{subsection.4.1}% 16
\BOOKMARK [3][-]{subsubsection.4.1.2}{\376\377\0004\000.\0001\000.\0002\000\040\000P\000r\000o\000t\000o\000c\000o\000l\000\040\000A\000r\000c\000h\000i\000t\000e\000c\000t\000u\000r\000e}{subsection.4.1}% 17
\BOOKMARK [2][-]{subsection.4.2}{\376\377\0004\000.\0002\000\040\000C\000o\000m\000p\000u\000t\000e\000\040\000a\000n\000d\000\040\000N\000e\000t\000w\000o\000r\000k\000\040\000I\000n\000f\000r\000a\000s\000t\000r\000u\000c\000t\000u\000r\000e\000\040\000L\000a\000y\000e\000r}{section.4}% 18
\BOOKMARK [3][-]{subsubsection.4.2.1}{\376\377\0004\000.\0002\000.\0001\000\040\000O\000p\000t\000i\000c\000a\000l\000\040\000B\000e\000a\000r\000e\000r\000\040\000N\000e\000t\000w\000o\000r\000k}{subsection.4.2}% 19
\BOOKMARK [3][-]{subsubsection.4.2.2}{\376\377\0004\000.\0002\000.\0002\000\040\000C\000o\000m\000p\000u\000t\000e\000\040\000C\000l\000o\000u\000d\000\040\000P\000r\000i\000v\000a\000t\000e\000\040\000N\000e\000t\000w\000o\000r\000k}{subsection.4.2}% 20
\BOOKMARK [2][-]{subsection.4.3}{\376\377\0004\000.\0003\000\040\000I\000n\000t\000e\000r\000c\000o\000n\000n\000e\000c\000t\000i\000o\000n\000\040\000R\000e\000s\000o\000u\000r\000c\000e\000\040\000L\000a\000y\000e\000r}{section.4}% 21
\BOOKMARK [3][-]{subsubsection.4.3.1}{\376\377\0004\000.\0003\000.\0001\000\040\000T\000h\000e\000\040\000O\000v\000e\000r\000a\000l\000l\000\040\000A\000r\000c\000h\000i\000t\000e\000c\000t\000u\000r\000e\000\040\000o\000f\000\040\000C\000R\000I\000D}{subsection.4.3}% 22
\BOOKMARK [3][-]{subsubsection.4.3.2}{\376\377\0004\000.\0003\000.\0002\000\040\000H\000i\000g\000h\000-\000P\000e\000r\000f\000o\000r\000m\000a\000n\000c\000e\000\040\000T\000r\000a\000n\000s\000m\000i\000s\000s\000i\000o\000n\000\040\000P\000r\000o\000t\000o\000c\000o\000l}{subsection.4.3}% 23
\BOOKMARK [3][-]{subsubsection.4.3.3}{\376\377\0004\000.\0003\000.\0003\000\040\000S\000c\000h\000e\000d\000u\000l\000i\000n\000g\000\040\000A\000l\000g\000o\000r\000i\000t\000h\000m}{subsection.4.3}% 24
\BOOKMARK [1][-]{section.5}{\376\377\000V\000\040\000A\000p\000p\000l\000i\000c\000a\000t\000i\000o\000n\000\040\000S\000c\000e\000n\000a\000r\000i\000o\000s\000\040\000o\000f\000\040\000t\000h\000e\000\040\000I\000o\000C}{}% 25
\BOOKMARK [2][-]{subsection.5.1}{\376\377\0005\000.\0001\000\040\000L\000L\000M\000\040\000T\000r\000a\000i\000n\000i\000n\000g}{section.5}% 26
\BOOKMARK [3][-]{subsubsection.5.1.1}{\376\377\0005\000.\0001\000.\0001\000\040\000T\000r\000a\000i\000n\000i\000n\000g\000\040\000A\000r\000c\000h\000i\000t\000e\000c\000t\000u\000r\000e}{subsection.5.1}% 27
\BOOKMARK [3][-]{subsubsection.5.1.2}{\376\377\0005\000.\0001\000.\0002\000\040\000T\000r\000a\000i\000n\000i\000n\000g\000\040\000P\000r\000o\000c\000e\000s\000s}{subsection.5.1}% 28
\BOOKMARK [2][-]{subsection.5.2}{\376\377\0005\000.\0002\000\040\000L\000L\000M\000\040\000I\000n\000f\000e\000r\000e\000n\000c\000e}{section.5}% 29
\BOOKMARK [3][-]{subsubsection.5.2.1}{\376\377\0005\000.\0002\000.\0001\000\040\000I\000n\000f\000e\000r\000e\000n\000c\000e\000\040\000A\000r\000c\000h\000i\000t\000e\000c\000t\000u\000r\000e}{subsection.5.2}% 30
\BOOKMARK [3][-]{subsubsection.5.2.2}{\376\377\0005\000.\0002\000.\0002\000\040\000I\000n\000f\000e\000r\000e\000n\000c\000e\000\040\000P\000r\000o\000c\000e\000s\000s}{subsection.5.2}% 31
\BOOKMARK [1][-]{section.6}{\376\377\000V\000I\000\040\000E\000x\000p\000e\000r\000i\000m\000e\000n\000t\000a\000l\000\040\000S\000i\000m\000u\000l\000a\000t\000i\000o\000n}{}% 32
\BOOKMARK [2][-]{subsection.6.1}{\376\377\0006\000.\0001\000\040\000E\000x\000p\000e\000r\000i\000m\000e\000n\000t\000\040\000o\000n\000\040\000C\000r\000o\000s\000s\000-\000D\000o\000m\000a\000i\000n\000\040\000T\000r\000a\000i\000n\000i\000n\000g\000\040\000o\000f\000\040\000L\000L\000M\000s\000\040\000B\000a\000s\000e\000d\000\040\000o\000n\000\040\000t\000h\000e\000\040\000I\000o\000C}{section.6}% 33
\BOOKMARK [3][-]{subsubsection.6.1.1}{\376\377\0006\000.\0001\000.\0001\000\040\000E\000x\000p\000e\000r\000i\000m\000e\000n\000t\000a\000l\000\040\000D\000e\000s\000i\000g\000n}{subsection.6.1}% 34
\BOOKMARK [3][-]{subsubsection.6.1.2}{\376\377\0006\000.\0001\000.\0002\000\040\000E\000x\000p\000e\000r\000i\000m\000e\000n\000t\000a\000l\000\040\000P\000r\000o\000c\000e\000d\000u\000r\000e}{subsection.6.1}% 35
\BOOKMARK [3][-]{subsubsection.6.1.3}{\376\377\0006\000.\0001\000.\0003\000\040\000E\000x\000p\000e\000r\000i\000m\000e\000n\000t\000a\000l\000\040\000R\000e\000s\000u\000l\000t\000s}{subsection.6.1}% 36
\BOOKMARK [2][-]{subsection.6.2}{\376\377\0006\000.\0002\000\040\000E\000x\000p\000e\000r\000i\000m\000e\000n\000t\000\040\000o\000n\000\040\000L\000L\000M\000\040\000I\000n\000f\000e\000r\000e\000n\000c\000e\000\040\000B\000a\000s\000e\000d\000\040\000o\000n\000\040\000t\000h\000e\000\040\000I\000o\000C}{section.6}% 37
\BOOKMARK [3][-]{subsubsection.6.2.1}{\376\377\0006\000.\0002\000.\0001\000\040\000E\000x\000p\000e\000r\000i\000m\000e\000n\000t\000a\000l\000\040\000D\000e\000s\000i\000g\000n}{subsection.6.2}% 38
\BOOKMARK [3][-]{subsubsection.6.2.2}{\376\377\0006\000.\0002\000.\0002\000\040\000E\000x\000p\000e\000r\000i\000m\000e\000n\000t\000a\000l\000\040\000P\000r\000o\000c\000e\000d\000u\000r\000e}{subsection.6.2}% 39
\BOOKMARK [3][-]{subsubsection.6.2.3}{\376\377\0006\000.\0002\000.\0003\000\040\000E\000x\000p\000e\000r\000i\000m\000e\000n\000t\000a\000l\000\040\000R\000e\000s\000u\000l\000t\000s}{subsection.6.2}% 40
\BOOKMARK [1][-]{section.7}{\376\377\000V\000I\000I\000\040\000C\000o\000n\000c\000l\000u\000s\000i\000o\000n}{}% 41
